
> project-1@0.0.0 build
> tsc -b && vite build

src/App.tsx(1,1): error TS6133: 'React' is declared but its value is never read.
src/components/layout/Footer.tsx(1,1): error TS6133: 'React' is declared but its value is never read.
src/components/layout/Footer.tsx(3,25): error TS6133: 'Mail' is declared but its value is never read.
src/components/layout/Navbar.tsx(1,8): error TS6133: 'React' is declared but its value is never read.
src/pages/About.tsx(1,1): error TS6133: 'React' is declared but its value is never read.
src/pages/Contact.tsx(1,1): error TS6133: 'React' is declared but its value is never read.
src/pages/Home.tsx(1,1): error TS6133: 'React' is declared but its value is never read.
src/pages/Services.tsx(1,1): error TS6133: 'React' is declared but its value is never read.
